// Jest Snapshot v1, https://goo.gl/fbAQLP

exports[`<App /> should renders initial <App /> components 1`] = `
Array [
  <div>
    <Home />
    <TicketList />
  </div>,
]
`;
